// Jest Snapshot v1, https://goo.gl/fbAQLP

exports[`Controls component can match the snap 1`] = `
<section
  className="Controls"
/>
`;
